
> frontend@0.1.0 build
> craco build

Creating an optimized production build...
Failed to compile.

[eslint] 
src\components\Layout.js
Syntax error: Unexpected token (14:0) (14:undefined)


